Warning: You are sending unauthenticated requests to the HF Hub. Please set a HF_TOKEN to enable higher rate limits and faster downloads.
Loading weights:   0%|          | 0/310 [00:00<?, ?it/s]Loading weights: 100%|██████████| 310/310 [00:00<00:00, 6031.25it/s]
Processing year folder: 2005
Processing subfolder: 2005-04-25  1/ 1 files
video 2005-04-25 already exists in database
Processing year folder: 2006
Processing subfolder: 2006-01-30  1/ 10 files
adding your video 2006-01-30 was done succefully
Processing subfolder: 2006-07-14  2/ 10 files
adding your video 2006-07-14 was done succefully
Processing subfolder: 2006-07-16  3/ 10 files
adding your video 2006-07-16 was done succefully
Processing subfolder: 2006-07-21  4/ 10 files
adding your video 2006-07-21 was done succefully
Processing subfolder: 2006-07-26  5/ 10 files
adding your video 2006-07-26 was done succefully
Processing subfolder: 2006-07-29  6/ 10 files
adding your video 2006-07-29 was done succefully
Processing subfolder: 2006-08-03  7/ 10 files
adding your video 2006-08-03 was done succefully
Processing subfolder: 2006-08-09  8/ 10 files
adding your video 2006-08-09 was done succefully
Processing subfolder: 2006-08-14  9/ 10 files
adding your video 2006-08-14 was done succefully
Processing subfolder: 2006-09-22  10/ 10 files
adding your video 2006-09-22 was done succefully
Processing year folder: 2007
Processing subfolder: 2007-01-28  1/ 5 files
/opt/homebrew/Cellar/python@3.11/3.11.16/Frameworks/Python.framework/Versions/3.11/lib/python3.11/multiprocessing/resource_tracker.py:254: UserWarning: resource_tracker: There appear to be 1 leaked semaphore objects to clean up at shutdown
  warnings.warn('resource_tracker: There appear to be %d '
